Archive member included to satisfy reference by file (symbol)

/opt/st/stm32cubeide_1.9.0/plugins/com.st.stm32cube.ide.mcu.externaltools.gnu-tools-for-stm32.10.3-2021.10.linux64_1.0.0.202111181127/tools/bin/../lib/gcc/arm-none-eabi/10.3.1/../../../../arm-none-eabi/lib/thumb/v7e-m+fp/hard/libc_nano.a(lib_a-errno.o)
                              ./Core/Src/syscalls.o (__errno)
/opt/st/stm32cubeide_1.9.0/plugins/com.st.stm32cube.ide.mcu.externaltools.gnu-tools-for-stm32.10.3-2021.10.linux64_1.0.0.202111181127/tools/bin/../lib/gcc/arm-none-eabi/10.3.1/../../../../arm-none-eabi/lib/thumb/v7e-m+fp/hard/libc_nano.a(lib_a-exit.o)
                              /opt/st/stm32cubeide_1.9.0/plugins/com.st.stm32cube.ide.mcu.externaltools.gnu-tools-for-stm32.10.3-2021.10.linux64_1.0.0.202111181127/tools/bin/../lib/gcc/arm-none-eabi/10.3.1/../../../../arm-none-eabi/lib/thumb/v7e-m+fp/hard/crt0.o (exit)
/opt/st/stm32cubeide_1.9.0/plugins/com.st.stm32cube.ide.mcu.externaltools.gnu-tools-for-stm32.10.3-2021.10.linux64_1.0.0.202111181127/tools/bin/../lib/gcc/arm-none-eabi/10.3.1/../../../../arm-none-eabi/lib/thumb/v7e-m+fp/hard/libc_nano.a(lib_a-impure.o)
                              /opt/st/stm32cubeide_1.9.0/plugins/com.st.stm32cube.ide.mcu.externaltools.gnu-tools-for-stm32.10.3-2021.10.linux64_1.0.0.202111181127/tools/bin/../lib/gcc/arm-none-eabi/10.3.1/../../../../arm-none-eabi/lib/thumb/v7e-m+fp/hard/libc_nano.a(lib_a-exit.o) (_global_impure_ptr)
/opt/st/stm32cubeide_1.9.0/plugins/com.st.stm32cube.ide.mcu.externaltools.gnu-tools-for-stm32.10.3-2021.10.linux64_1.0.0.202111181127/tools/bin/../lib/gcc/arm-none-eabi/10.3.1/../../../../arm-none-eabi/lib/thumb/v7e-m+fp/hard/libc_nano.a(lib_a-init.o)
                              /opt/st/stm32cubeide_1.9.0/plugins/com.st.stm32cube.ide.mcu.externaltools.gnu-tools-for-stm32.10.3-2021.10.linux64_1.0.0.202111181127/tools/bin/../lib/gcc/arm-none-eabi/10.3.1/../../../../arm-none-eabi/lib/thumb/v7e-m+fp/hard/crt0.o (__libc_init_array)
/opt/st/stm32cubeide_1.9.0/plugins/com.st.stm32cube.ide.mcu.externaltools.gnu-tools-for-stm32.10.3-2021.10.linux64_1.0.0.202111181127/tools/bin/../lib/gcc/arm-none-eabi/10.3.1/../../../../arm-none-eabi/lib/thumb/v7e-m+fp/hard/libc_nano.a(lib_a-memset.o)
                              /opt/st/stm32cubeide_1.9.0/plugins/com.st.stm32cube.ide.mcu.externaltools.gnu-tools-for-stm32.10.3-2021.10.linux64_1.0.0.202111181127/tools/bin/../lib/gcc/arm-none-eabi/10.3.1/../../../../arm-none-eabi/lib/thumb/v7e-m+fp/hard/crt0.o (memset)
/opt/st/stm32cubeide_1.9.0/plugins/com.st.stm32cube.ide.mcu.externaltools.gnu-tools-for-stm32.10.3-2021.10.linux64_1.0.0.202111181127/tools/bin/../lib/gcc/arm-none-eabi/10.3.1/thumb/v7e-m+fp/hard/libgcc.a(_aeabi_ldivmod.o)
                              ./Drivers/STM32F4xx_HAL_Driver/Src/stm32f4xx_hal_rcc.o (__aeabi_ldivmod)
/opt/st/stm32cubeide_1.9.0/plugins/com.st.stm32cube.ide.mcu.externaltools.gnu-tools-for-stm32.10.3-2021.10.linux64_1.0.0.202111181127/tools/bin/../lib/gcc/arm-none-eabi/10.3.1/thumb/v7e-m+fp/hard/libgcc.a(_aeabi_uldivmod.o)
                              ./Drivers/STM32F4xx_HAL_Driver/Src/stm32f4xx_hal_rcc.o (__aeabi_uldivmod)
/opt/st/stm32cubeide_1.9.0/plugins/com.st.stm32cube.ide.mcu.externaltools.gnu-tools-for-stm32.10.3-2021.10.linux64_1.0.0.202111181127/tools/bin/../lib/gcc/arm-none-eabi/10.3.1/thumb/v7e-m+fp/hard/libgcc.a(_udivmoddi4.o)
                              /opt/st/stm32cubeide_1.9.0/plugins/com.st.stm32cube.ide.mcu.externaltools.gnu-tools-for-stm32.10.3-2021.10.linux64_1.0.0.202111181127/tools/bin/../lib/gcc/arm-none-eabi/10.3.1/thumb/v7e-m+fp/hard/libgcc.a(_aeabi_ldivmod.o) (__udivmoddi4)
/opt/st/stm32cubeide_1.9.0/plugins/com.st.stm32cube.ide.mcu.externaltools.gnu-tools-for-stm32.10.3-2021.10.linux64_1.0.0.202111181127/tools/bin/../lib/gcc/arm-none-eabi/10.3.1/thumb/v7e-m+fp/hard/libgcc.a(_dvmd_tls.o)
                              /opt/st/stm32cubeide_1.9.0/plugins/com.st.stm32cube.ide.mcu.externaltools.gnu-tools-for-stm32.10.3-2021.10.linux64_1.0.0.202111181127/tools/bin/../lib/gcc/arm-none-eabi/10.3.1/thumb/v7e-m+fp/hard/libgcc.a(_aeabi_ldivmod.o) (__aeabi_ldiv0)

Discarded input sections

 .text          0x0000000000000000        0x0 /opt/st/stm32cubeide_1.9.0/plugins/com.st.stm32cube.ide.mcu.externaltools.gnu-tools-for-stm32.10.3-2021.10.linux64_1.0.0.202111181127/tools/bin/../lib/gcc/arm-none-eabi/10.3.1/thumb/v7e-m+fp/hard/crti.o
 .data          0x0000000000000000        0x0 /opt/st/stm32cubeide_1.9.0/plugins/com.st.stm32cube.ide.mcu.externaltools.gnu-tools-for-stm32.10.3-2021.10.linux64_1.0.0.202111181127/tools/bin/../lib/gcc/arm-none-eabi/10.3.1/thumb/v7e-m+fp/hard/crti.o
 .bss           0x0000000000000000        0x0 /opt/st/stm32cubeide_1.9.0/plugins/com.st.stm32cube.ide.mcu.externaltools.gnu-tools-for-stm32.10.3-2021.10.linux64_1.0.0.202111181127/tools/bin/../lib/gcc/arm-none-eabi/10.3.1/thumb/v7e-m+fp/hard/crti.o
[...]
Memory Configuration

Name             Origin             Length             Attributes
RAM              0x0000000020000000 0x0000000000020000 xrw
FLASH            0x0000000008000000 0x0000000000008000 xr
*default*        0x0000000000000000 0xffffffffffffffff

Linker script and memory map

LOAD /opt/st/stm32cubeide_1.9.0/plugins/com.st.stm32cube.ide.mcu.externaltools.gnu-tools-for-stm32.10.3-2021.10.linux64_1.0.0.202111181127/tools/bin/../lib/gcc/arm-none-eabi/10.3.1/thumb/v7e-m+fp/hard/crti.o
LOAD /opt/st/stm32cubeide_1.9.0/plugins/com.st.stm32cube.ide.mcu.externaltools.gnu-tools-for-stm32.10.3-2021.10.linux64_1.0.0.202111181127/tools/bin/../lib/gcc/arm-none-eabi/10.3.1/thumb/v7e-m+fp/hard/crtbegin.o
LOAD /opt/st/stm32cubeide_1.9.0/plugins/com.st.stm32cube.ide.mcu.externaltools.gnu-tools-for-stm32.10.3-2021.10.linux64_1.0.0.202111181127/tools/bin/../lib/gcc/arm-none-eabi/10.3.1/../../../../arm-none-eabi/lib/thumb/v7e-m+fp/hard/crt0.o
LOAD ./Core/Src/bootloader.o
LOAD ./Core/Src/ll_flash.o
LOAD ./Core/Src/ll_serial.o
LOAD ./Core/Src/ll_spi.o
LOAD ./Core/Src/main.o
LOAD ./Core/Src/port.o
LOAD ./Core/Src/stm32f4xx_hal_msp.o
LOAD ./Core/Src/stm32f4xx_it.o
LOAD ./Core/Src/syscalls.o
LOAD ./Core/Src/sysmem.o
LOAD ./Core/Src/system_stm32f4xx.o
LOAD ./Core/Startup/startup_stm32f411retx.o
LOAD ./Drivers/STM32F4xx_HAL_Driver/Src/stm32f4xx_hal.o
LOAD ./Drivers/STM32F4xx_HAL_Driver/Src/stm32f4xx_hal_cortex.o
LOAD ./Drivers/STM32F4xx_HAL_Driver/Src/stm32f4xx_hal_dma.o
LOAD ./Drivers/STM32F4xx_HAL_Driver/Src/stm32f4xx_hal_dma_ex.o
LOAD ./Drivers/STM32F4xx_HAL_Driver/Src/stm32f4xx_hal_exti.o
LOAD ./Drivers/STM32F4xx_HAL_Driver/Src/stm32f4xx_hal_flash.o
LOAD ./Drivers/STM32F4xx_HAL_Driver/Src/stm32f4xx_hal_flash_ex.o
LOAD ./Drivers/STM32F4xx_HAL_Driver/Src/stm32f4xx_hal_flash_ramfunc.o
LOAD ./Drivers/STM32F4xx_HAL_Driver/Src/stm32f4xx_hal_gpio.o
LOAD ./Drivers/STM32F4xx_HAL_Driver/Src/stm32f4xx_hal_pwr.o
LOAD ./Drivers/STM32F4xx_HAL_Driver/Src/stm32f4xx_hal_pwr_ex.o
LOAD ./Drivers/STM32F4xx_HAL_Driver/Src/stm32f4xx_hal_rcc.o
LOAD ./Drivers/STM32F4xx_HAL_Driver/Src/stm32f4xx_hal_rcc_ex.o
LOAD ./Drivers/STM32F4xx_HAL_Driver/Src/stm32f4xx_hal_tim.o
LOAD ./Drivers/STM32F4xx_HAL_Driver/Src/stm32f4xx_hal_tim_ex.o
LOAD ./Drivers/STM32F4xx_HAL_Driver/Src/stm32f4xx_ll_dma.o
LOAD ./Drivers/STM32F4xx_HAL_Driver/Src/stm32f4xx_ll_exti.o
LOAD ./Drivers/STM32F4xx_HAL_Driver/Src/stm32f4xx_ll_gpio.o
LOAD ./Drivers/STM32F4xx_HAL_Driver/Src/stm32f4xx_ll_rcc.o
LOAD ./Drivers/STM32F4xx_HAL_Driver/Src/stm32f4xx_ll_spi.o
LOAD ./Drivers/STM32F4xx_HAL_Driver/Src/stm32f4xx_ll_usart.o
LOAD ./Drivers/STM32F4xx_HAL_Driver/Src/stm32f4xx_ll_utils.o
LOAD ./FATFS/App/fatfs.o
LOAD ./FATFS/Target/user_diskio.o
LOAD ./FATFS/Target/user_diskio_spi.o
LOAD ./Middlewares/Third_Party/FatFs/src/diskio.o
LOAD ./Middlewares/Third_Party/FatFs/src/ff.o
LOAD ./Middlewares/Third_Party/FatFs/src/ff_gen_drv.o
LOAD ./Middlewares/Third_Party/FatFs/src/option/ccsbcs.o
LOAD ./Middlewares/Third_Party/FatFs/src/option/syscall.o
START GROUP
END GROUP
START GROUP
LOAD /opt/st/stm32cubeide_1.9.0/plugins/com.st.stm32cube.ide.mcu.externaltools.gnu-tools-for-stm32.10.3-2021.10.linux64_1.0.0.202111181127/tools/bin/../lib/gcc/arm-none-eabi/10.3.1/../../../../arm-none-eabi/lib/thumb/v7e-m+fp/hard/libc_nano.a
LOAD /opt/st/stm32cubeide_1.9.0/plugins/com.st.stm32cube.ide.mcu.externaltools.gnu-tools-for-stm32.10.3-2021.10.linux64_1.0.0.202111181127/tools/bin/../lib/gcc/arm-none-eabi/10.3.1/../../../../arm-none-eabi/lib/thumb/v7e-m+fp/hard/libm.a
END GROUP
START GROUP
LOAD /opt/st/stm32cubeide_1.9.0/plugins/com.st.stm32cube.ide.mcu.externaltools.gnu-tools-for-stm32.10.3-2021.10.linux64_1.0.0.202111181127/tools/bin/../lib/gcc/arm-none-eabi/10.3.1/thumb/v7e-m+fp/hard/libgcc.a
LOAD /opt/st/stm32cubeide_1.9.0/plugins/com.st.stm32cube.ide.mcu.externaltools.gnu-tools-for-stm32.10.3-2021.10.linux64_1.0.0.202111181127/tools/bin/../lib/gcc/arm-none-eabi/10.3.1/../../../../arm-none-eabi/lib/thumb/v7e-m+fp/hard/libc_nano.a
END GROUP
START GROUP
LOAD /opt/st/stm32cubeide_1.9.0/plugins/com.st.stm32cube.ide.mcu.externaltools.gnu-tools-for-stm32.10.3-2021.10.linux64_1.0.0.202111181127/tools/bin/../lib/gcc/arm-none-eabi/10.3.1/thumb/v7e-m+fp/hard/libgcc.a
LOAD /opt/st/stm32cubeide_1.9.0/plugins/com.st.stm32cube.ide.mcu.externaltools.gnu-tools-for-stm32.10.3-2021.10.linux64_1.0.0.202111181127/tools/bin/../lib/gcc/arm-none-eabi/10.3.1/../../../../arm-none-eabi/lib/thumb/v7e-m+fp/hard/libc_nano.a
LOAD /opt/st/stm32cubeide_1.9.0/plugins/com.st.stm32cube.ide.mcu.externaltools.gnu-tools-for-stm32.10.3-2021.10.linux64_1.0.0.202111181127/tools/bin/../lib/gcc/arm-none-eabi/10.3.1/../../../../arm-none-eabi/lib/thumb/v7e-m+fp/hard/libnosys.a
END GROUP
START GROUP
LOAD /opt/st/stm32cubeide_1.9.0/plugins/com.st.stm32cube.ide.mcu.externaltools.gnu-tools-for-stm32.10.3-2021.10.linux64_1.0.0.202111181127/tools/bin/../lib/gcc/arm-none-eabi/10.3.1/thumb/v7e-m+fp/hard/libgcc.a
LOAD /opt/st/stm32cubeide_1.9.0/plugins/com.st.stm32cube.ide.mcu.externaltools.gnu-tools-for-stm32.10.3-2021.10.linux64_1.0.0.202111181127/tools/bin/../lib/gcc/arm-none-eabi/10.3.1/../../../../arm-none-eabi/lib/thumb/v7e-m+fp/hard/libc_nano.a
LOAD /opt/st/stm32cubeide_1.9.0/plugins/com.st.stm32cube.ide.mcu.externaltools.gnu-tools-for-stm32.10.3-2021.10.linux64_1.0.0.202111181127/tools/bin/../lib/gcc/arm-none-eabi/10.3.1/../../../../arm-none-eabi/lib/thumb/v7e-m+fp/hard/libnosys.a
END GROUP
LOAD /opt/st/stm32cubeide_1.9.0/plugins/com.st.stm32cube.ide.mcu.externaltools.gnu-tools-for-stm32.10.3-2021.10.linux64_1.0.0.202111181127/tools/bin/../lib/gcc/arm-none-eabi/10.3.1/thumb/v7e-m+fp/hard/crtend.o
LOAD /opt/st/stm32cubeide_1.9.0/plugins/com.st.stm32cube.ide.mcu.externaltools.gnu-tools-for-stm32.10.3-2021.10.linux64_1.0.0.202111181127/tools/bin/../lib/gcc/arm-none-eabi/10.3.1/thumb/v7e-m+fp/hard/crtn.o
                0x0000000020020000                _estack = (ORIGIN (RAM) + LENGTH (RAM))
                0x0000000000000200                _Min_Heap_Size = 0x200
                0x0000000000000400                _Min_Stack_Size = 0x400

.isr_vector     0x0000000008000000      0x198
                0x0000000008000000                . = ALIGN (0x4)
 *(.isr_vector)
 .isr_vector    0x0000000008000000      0x198 ./Core/Startup/startup_stm32f411retx.o
                0x0000000008000000                g_pfnVectors
                0x0000000008000198                . = ALIGN (0x4)

.text           0x0000000008000198     0x2eb4
                0x0000000008000198                . = ALIGN (0x4)
 *(.text)
 .text          0x0000000008000198       0x40 /opt/st/stm32cubeide_1.9.0/plugins/com.st.stm32cube.ide.mcu.externaltools.gnu-tools-for-stm32.10.3-2021.10.linux64_1.0.0.202111181127/tools/bin/../lib/gcc/arm-none-eabi/10.3.1/thumb/v7e-m+fp/hard/crtbegin.o
 .text          0x00000000080001d8       0x30 /opt/st/stm32cubeide_1.9.0/plugins/com.st.stm32cube.ide.mcu.externaltools.gnu-tools-for-stm32.10.3-2021.10.linux64_1.0.0.202111181127/tools/bin/../lib/gcc/arm-none-eabi/10.3.1/thumb/v7e-m+fp/hard/libgcc.a(_aeabi_uldivmod.o)
                0x00000000080001d8                __aeabi_uldivmod
 .text          0x0000000008000208      0x2d0 /opt/st/stm32cubeide_1.9.0/plugins/com.st.stm32cube.ide.mcu.externaltools.gnu-tools-for-stm32.10.3-2021.10.linux64_1.0.0.202111181127/tools/bin/../lib/gcc/arm-none-eabi/10.3.1/thumb/v7e-m+fp/hard/libgcc.a(_udivmoddi4.o)
                0x0000000008000208                __udivmoddi4
 .text          0x00000000080004d8        0x4 /opt/st/stm32cubeide_1.9.0/plugins/com.st.stm32cube.ide.mcu.externaltools.gnu-tools-for-stm32.10.3-2021.10.linux64_1.0.0.202111181127/tools/bin/../lib/gcc/arm-none-eabi/10.3.1/thumb/v7e-m+fp/hard/libgcc.a(_dvmd_tls.o)
                0x00000000080004d8                __aeabi_ldiv0
                0x00000000080004d8                __aeabi_idiv0
 *(.text*)
 .text.erase_app
                0x00000000080004dc       0x2e ./Core/Src/bootloader.o
 *fill*         0x000000000800050a        0x2 
 .text.jump2app
                0x000000000800050c       0x3c ./Core/Src/bootloader.o
 .text.LL_GPIO_TogglePin.constprop.0
                0x0000000008000548       0x1c ./Core/Src/bootloader.o
 .text.successful_blink
                0x0000000008000564       0x14 ./Core/Src/bootloader.o
 .text.upload_sequence
                0x0000000008000578       0xfc ./Core/Src/bootloader.o
 .text.bootloader_mainloop
                0x0000000008000674      0x154 ./Core/Src/bootloader.o
                0x0000000008000674                bootloader_mainloop
 .text.ll_flash_unlock
                0x00000000080007c8       0x28 ./Core/Src/ll_flash.o
                0x00000000080007c8                ll_flash_unlock
 .text.ll_flash_lock
                0x00000000080007f0       0x14 ./Core/Src/ll_flash.o
                0x00000000080007f0                ll_flash_lock
 .text.ll_flash_erase
                0x0000000008000804       0x50 ./Core/Src/ll_flash.o
                0x0000000008000804                ll_flash_erase
 .text.ll_flash_write
                0x0000000008000854       0x40 ./Core/Src/ll_flash.o
                0x0000000008000854                ll_flash_write
 .text.spi_send_and_read
                0x0000000008000894       0x50 ./Core/Src/ll_spi.o
                0x0000000008000894                spi_send_and_read
 .text.LL_AHB1_GRP1_EnableClock
                0x00000000080008e4       0x1c ./Core/Src/main.o
 .text.SystemClock_Config
                0x0000000008000900       0xd0 ./Core/Src/main.o
                0x0000000008000900                SystemClock_Config
 .text.startup.main
                0x00000000080009d0      0x1f0 ./Core/Src/main.o
                0x00000000080009d0                main
 .text.peripheral_deinit
                0x0000000008000bc0       0x64 ./Core/Src/port.o
                0x0000000008000bc0                peripheral_deinit
 .text.HAL_MspInit
                0x0000000008000c24       0x3c ./Core/Src/stm32f4xx_hal_msp.o
                0x0000000008000c24                HAL_MspInit
 .text.NMI_Handler
                0x0000000008000c60        0x2 ./Core/Src/stm32f4xx_it.o
                0x0000000008000c60                NMI_Handler
 .text.HardFault_Handler
                0x0000000008000c62        0x2 ./Core/Src/stm32f4xx_it.o
                0x0000000008000c62                HardFault_Handler
 .text.MemManage_Handler
                0x0000000008000c64        0x2 ./Core/Src/stm32f4xx_it.o
                0x0000000008000c64                MemManage_Handler
 .text.BusFault_Handler
                0x0000000008000c66        0x2 ./Core/Src/stm32f4xx_it.o
                0x0000000008000c66                BusFault_Handler
 .text.UsageFault_Handler
                0x0000000008000c68        0x2 ./Core/Src/stm32f4xx_it.o
                0x0000000008000c68                UsageFault_Handler
 .text.SVC_Handler
                0x0000000008000c6a        0x2 ./Core/Src/stm32f4xx_it.o
                0x0000000008000c6a                SVC_Handler
 .text.DebugMon_Handler
                0x0000000008000c6c        0x2 ./Core/Src/stm32f4xx_it.o
                0x0000000008000c6c                DebugMon_Handler
 .text.PendSV_Handler
                0x0000000008000c6e        0x2 ./Core/Src/stm32f4xx_it.o
                0x0000000008000c6e                PendSV_Handler
 .text.SysTick_Handler
                0x0000000008000c70        0x4 ./Core/Src/stm32f4xx_it.o
                0x0000000008000c70                SysTick_Handler
 .text.SystemInit
                0x0000000008000c74       0x14 ./Core/Src/system_stm32f4xx.o
                0x0000000008000c74                SystemInit
 .text.Reset_Handler
                0x0000000008000c88       0x50 ./Core/Startup/startup_stm32f411retx.o
                0x0000000008000c88                Reset_Handler
 .text.Default_Handler
                0x0000000008000cd8        0x2 ./Core/Startup/startup_stm32f411retx.o
                0x0000000008000cd8                RTC_Alarm_IRQHandler
                0x0000000008000cd8                EXTI2_IRQHandler
                0x0000000008000cd8                SPI4_IRQHandler
                0x0000000008000cd8                TIM1_CC_IRQHandler
                0x0000000008000cd8                DMA2_Stream5_IRQHandler
                0x0000000008000cd8                DMA1_Stream5_IRQHandler
                0x0000000008000cd8                PVD_IRQHandler
                0x0000000008000cd8                SDIO_IRQHandler
                0x0000000008000cd8                TAMP_STAMP_IRQHandler
                0x0000000008000cd8                EXTI3_IRQHandler
                0x0000000008000cd8                TIM1_UP_TIM10_IRQHandler
                0x0000000008000cd8                I2C3_ER_IRQHandler
                0x0000000008000cd8                EXTI0_IRQHandler
                0x0000000008000cd8                I2C2_EV_IRQHandler
                0x0000000008000cd8                DMA1_Stream2_IRQHandler
                0x0000000008000cd8                FPU_IRQHandler
                0x0000000008000cd8                DMA2_Stream2_IRQHandler
                0x0000000008000cd8                SPI1_IRQHandler
                0x0000000008000cd8                TIM1_BRK_TIM9_IRQHandler
                0x0000000008000cd8                DMA2_Stream3_IRQHandler
                0x0000000008000cd8                USART6_IRQHandler
                0x0000000008000cd8                DMA2_Stream0_IRQHandler
                0x0000000008000cd8                TIM4_IRQHandler
                0x0000000008000cd8                I2C1_EV_IRQHandler
                0x0000000008000cd8                DMA1_Stream6_IRQHandler
                0x0000000008000cd8                DMA1_Stream1_IRQHandler
                0x0000000008000cd8                TIM3_IRQHandler
                0x0000000008000cd8                RCC_IRQHandler
                0x0000000008000cd8                Default_Handler
                0x0000000008000cd8                EXTI15_10_IRQHandler
                0x0000000008000cd8                ADC_IRQHandler
                0x0000000008000cd8                DMA1_Stream7_IRQHandler
                0x0000000008000cd8                SPI5_IRQHandler
                0x0000000008000cd8                TIM5_IRQHandler
                0x0000000008000cd8                DMA2_Stream7_IRQHandler
                0x0000000008000cd8                I2C3_EV_IRQHandler
                0x0000000008000cd8                EXTI9_5_IRQHandler
                0x0000000008000cd8                RTC_WKUP_IRQHandler
                0x0000000008000cd8                SPI2_IRQHandler
                0x0000000008000cd8                DMA1_Stream0_IRQHandler
                0x0000000008000cd8                EXTI4_IRQHandler
                0x0000000008000cd8                WWDG_IRQHandler
                0x0000000008000cd8                TIM2_IRQHandler
                0x0000000008000cd8                OTG_FS_WKUP_IRQHandler
                0x0000000008000cd8                TIM1_TRG_COM_TIM11_IRQHandler
                0x0000000008000cd8                EXTI1_IRQHandler
                0x0000000008000cd8                USART2_IRQHandler
                0x0000000008000cd8                I2C2_ER_IRQHandler
                0x0000000008000cd8                DMA2_Stream1_IRQHandler
                0x0000000008000cd8                FLASH_IRQHandler
                0x0000000008000cd8                DMA2_Stream4_IRQHandler
                0x0000000008000cd8                USART1_IRQHandler
                0x0000000008000cd8                OTG_FS_IRQHandler
                0x0000000008000cd8                SPI3_IRQHandler
                0x0000000008000cd8                DMA1_Stream4_IRQHandler
                0x0000000008000cd8                I2C1_ER_IRQHandler
                0x0000000008000cd8                DMA2_Stream6_IRQHandler
                0x0000000008000cd8                DMA1_Stream3_IRQHandler
 *fill*         0x0000000008000cda        0x2 
 .text.HAL_InitTick
                0x0000000008000cdc       0x48 ./Drivers/STM32F4xx_HAL_Driver/Src/stm32f4xx_hal.o
                0x0000000008000cdc                HAL_InitTick
 .text.HAL_Init
                0x0000000008000d24       0x34 ./Drivers/STM32F4xx_HAL_Driver/Src/stm32f4xx_hal.o
                0x0000000008000d24                HAL_Init
 .text.HAL_IncTick
                0x0000000008000d58       0x18 ./Drivers/STM32F4xx_HAL_Driver/Src/stm32f4xx_hal.o
                0x0000000008000d58                HAL_IncTick
 .text.HAL_GetTick
                0x0000000008000d70        0xc ./Drivers/STM32F4xx_HAL_Driver/Src/stm32f4xx_hal.o
                0x0000000008000d70                HAL_GetTick
 .text.HAL_Delay
                0x0000000008000d7c       0x28 ./Drivers/STM32F4xx_HAL_Driver/Src/stm32f4xx_hal.o
                0x0000000008000d7c                HAL_Delay
 .text.HAL_NVIC_SetPriorityGrouping
                0x0000000008000da4       0x24 ./Drivers/STM32F4xx_HAL_Driver/Src/stm32f4xx_hal_cortex.o
                0x0000000008000da4                HAL_NVIC_SetPriorityGrouping
 .text.HAL_NVIC_SetPriority
                0x0000000008000dc8       0x64 ./Drivers/STM32F4xx_HAL_Driver/Src/stm32f4xx_hal_cortex.o
                0x0000000008000dc8                HAL_NVIC_SetPriority
 .text.HAL_SYSTICK_Config
                0x0000000008000e2c       0x28 ./Drivers/STM32F4xx_HAL_Driver/Src/stm32f4xx_hal_cortex.o
                0x0000000008000e2c                HAL_SYSTICK_Config
 .text.LL_GPIO_Init
                0x0000000008000e54      0x13c ./Drivers/STM32F4xx_HAL_Driver/Src/stm32f4xx_ll_gpio.o
                0x0000000008000e54                LL_GPIO_Init
 .text.LL_RCC_DeInit
                0x0000000008000f90       0x90 ./Drivers/STM32F4xx_HAL_Driver/Src/stm32f4xx_ll_rcc.o
                0x0000000008000f90                LL_RCC_DeInit
 .text.RCC_GetHCLKClockFreq
                0x0000000008001020       0x18 ./Drivers/STM32F4xx_HAL_Driver/Src/stm32f4xx_ll_rcc.o
                0x0000000008001020                RCC_GetHCLKClockFreq
 .text.RCC_GetPCLK1ClockFreq
                0x0000000008001038       0x18 ./Drivers/STM32F4xx_HAL_Driver/Src/stm32f4xx_ll_rcc.o
                0x0000000008001038                RCC_GetPCLK1ClockFreq
 .text.RCC_GetPCLK2ClockFreq
                0x0000000008001050       0x18 ./Drivers/STM32F4xx_HAL_Driver/Src/stm32f4xx_ll_rcc.o
                0x0000000008001050                RCC_GetPCLK2ClockFreq
 .text.RCC_PLL_GetFreqDomain_SYS
                0x0000000008001068       0x48 ./Drivers/STM32F4xx_HAL_Driver/Src/stm32f4xx_ll_rcc.o
                0x0000000008001068                RCC_PLL_GetFreqDomain_SYS
 .text.RCC_GetSystemClockFreq
                0x00000000080010b0       0x28 ./Drivers/STM32F4xx_HAL_Driver/Src/stm32f4xx_ll_rcc.o
                0x00000000080010b0                RCC_GetSystemClockFreq
 .text.LL_RCC_GetSystemClocksFreq
                0x00000000080010d8       0x20 ./Drivers/STM32F4xx_HAL_Driver/Src/stm32f4xx_ll_rcc.o
                0x00000000080010d8                LL_RCC_GetSystemClocksFreq
 .text.LL_SPI_Init
                0x00000000080010f8       0x60 ./Drivers/STM32F4xx_HAL_Driver/Src/stm32f4xx_ll_spi.o
                0x00000000080010f8                LL_SPI_Init
 .text.LL_USART_Init
                0x0000000008001158       0xe4 ./Drivers/STM32F4xx_HAL_Driver/Src/stm32f4xx_ll_usart.o
                0x0000000008001158                LL_USART_Init
 .text.LL_SetSystemCoreClock
                0x000000000800123c        0xc ./Drivers/STM32F4xx_HAL_Driver/Src/stm32f4xx_ll_utils.o
                0x000000000800123c                LL_SetSystemCoreClock
 .text.MX_FATFS_Init
                0x0000000008001248       0x1c ./FATFS/App/fatfs.o
                0x0000000008001248                MX_FATFS_Init
 .text.get_fattime
                0x0000000008001264        0x4 ./FATFS/App/fatfs.o
                0x0000000008001264                get_fattime
 .text.USER_initialize
                0x0000000008001268       0x18 ./FATFS/Target/user_diskio.o
                0x0000000008001268                USER_initialize
 .text.USER_status
                0x0000000008001280       0x18 ./FATFS/Target/user_diskio.o
                0x0000000008001280                USER_status
 .text.USER_read
                0x0000000008001298        0x4 ./FATFS/Target/user_diskio.o
                0x0000000008001298                USER_read
 .text.USER_write
                0x000000000800129c        0x4 ./FATFS/Target/user_diskio.o
                0x000000000800129c                USER_write
 .text.USER_ioctl
                0x00000000080012a0        0x4 ./FATFS/Target/user_diskio.o
                0x00000000080012a0                USER_ioctl
 .text.xchg_spi
                0x00000000080012a4       0x20 ./FATFS/Target/user_diskio_spi.o
 .text.wait_ready
                0x00000000080012c4       0x2a ./FATFS/Target/user_diskio_spi.o
 *fill*         0x00000000080012ee        0x2 
 .text.despiselect
                0x00000000080012f0       0x14 ./FATFS/Target/user_diskio_spi.o
 .text.spiselect
                0x0000000008001304       0x2c ./FATFS/Target/user_diskio_spi.o
 .text.send_cmd
                0x0000000008001330       0x84 ./FATFS/Target/user_diskio_spi.o
 .text.xmit_datablock
                0x00000000080013b4       0x4e ./FATFS/Target/user_diskio_spi.o
 *fill*         0x0000000008001402        0x2 
 .text.SPI_Timer_On
                0x0000000008001404       0x1c ./FATFS/Target/user_diskio_spi.o
                0x0000000008001404                SPI_Timer_On
 .text.SPI_Timer_Status
                0x0000000008001420       0x24 ./FATFS/Target/user_diskio_spi.o
                0x0000000008001420                SPI_Timer_Status
 .text.rcvr_datablock
                0x0000000008001444       0x46 ./FATFS/Target/user_diskio_spi.o
 *fill*         0x000000000800148a        0x2 
 .text.USER_SPI_initialize
                0x000000000800148c      0x140 ./FATFS/Target/user_diskio_spi.o
                0x000000000800148c                USER_SPI_initialize
 .text.USER_SPI_status
                0x00000000080015cc       0x14 ./FATFS/Target/user_diskio_spi.o
                0x00000000080015cc                USER_SPI_status
 .text.USER_SPI_read
                0x00000000080015e0       0x80 ./FATFS/Target/user_diskio_spi.o
                0x00000000080015e0                USER_SPI_read
 .text.USER_SPI_write
                0x0000000008001660       0xa0 ./FATFS/Target/user_diskio_spi.o
                0x0000000008001660                USER_SPI_write
 .text.USER_SPI_ioctl
                0x0000000008001700      0x1d8 ./FATFS/Target/user_diskio_spi.o
                0x0000000008001700                USER_SPI_ioctl
 .text.disk_status
                0x00000000080018d8       0x14 ./Middlewares/Third_Party/FatFs/src/diskio.o
                0x00000000080018d8                disk_status
 .text.disk_initialize
                0x00000000080018ec       0x20 ./Middlewares/Third_Party/FatFs/src/diskio.o
                0x00000000080018ec                disk_initialize
 .text.disk_read
                0x000000000800190c       0x1c ./Middlewares/Third_Party/FatFs/src/diskio.o
                0x000000000800190c                disk_read
 .text.disk_write
                0x0000000008001928       0x1c ./Middlewares/Third_Party/FatFs/src/diskio.o
                0x0000000008001928                disk_write
 .text.disk_ioctl
                0x0000000008001944       0x1c ./Middlewares/Third_Party/FatFs/src/diskio.o
                0x0000000008001944                disk_ioctl
 .text.ld_dword
                0x0000000008001960        0x4 ./Middlewares/Third_Party/FatFs/src/ff.o
 .text.st_dword
                0x0000000008001964       0x10 ./Middlewares/Third_Party/FatFs/src/ff.o
 .text.clear_lock
                0x0000000008001974       0x1c ./Middlewares/Third_Party/FatFs/src/ff.o
 .text.clust2sect
                0x0000000008001990       0x16 ./Middlewares/Third_Party/FatFs/src/ff.o
 .text.get_ldnumber
                0x00000000080019a6       0x30 ./Middlewares/Third_Party/FatFs/src/ff.o
 .text.validate
                0x00000000080019d6       0x34 ./Middlewares/Third_Party/FatFs/src/ff.o
 .text.mem_cpy.part.0
                0x0000000008001a0a       0x12 ./Middlewares/Third_Party/FatFs/src/ff.o
 .text.sync_window.part.0
                0x0000000008001a1c       0x4c ./Middlewares/Third_Party/FatFs/src/ff.o
 .text.move_window
                0x0000000008001a68       0x3a ./Middlewares/Third_Party/FatFs/src/ff.o
 *fill*         0x0000000008001aa2        0x2 
 .text.check_fs
                0x0000000008001aa4       0x74 ./Middlewares/Third_Party/FatFs/src/ff.o
 .text.find_volume
                0x0000000008001b18      0x29c ./Middlewares/Third_Party/FatFs/src/ff.o
 .text.put_fat  0x0000000008001db4      0x12a ./Middlewares/Third_Party/FatFs/src/ff.o
 .text.ld_clust.isra.0
                0x0000000008001ede       0x10 ./Middlewares/Third_Party/FatFs/src/ff.o
 .text.get_fat.isra.0
                0x0000000008001eee       0xd6 ./Middlewares/Third_Party/FatFs/src/ff.o
 .text.create_chain
                0x0000000008001fc4       0xb0 ./Middlewares/Third_Party/FatFs/src/ff.o
 .text.dir_sdi  0x0000000008002074       0x88 ./Middlewares/Third_Party/FatFs/src/ff.o
 .text.dir_next
                0x00000000080020fc      0x102 ./Middlewares/Third_Party/FatFs/src/ff.o
 *fill*         0x00000000080021fe        0x2 
 .text.dir_find
                0x0000000008002200      0x168 ./Middlewares/Third_Party/FatFs/src/ff.o
 .text.f_mount  0x0000000008002368       0x54 ./Middlewares/Third_Party/FatFs/src/ff.o
                0x0000000008002368                f_mount
 .text.f_open   0x00000000080023bc      0x83c ./Middlewares/Third_Party/FatFs/src/ff.o
                0x00000000080023bc                f_open
 .text.f_read   0x0000000008002bf8      0x14e ./Middlewares/Third_Party/FatFs/src/ff.o
                0x0000000008002bf8                f_read
 .text.f_sync   0x0000000008002d46      0x138 ./Middlewares/Third_Party/FatFs/src/ff.o
                0x0000000008002d46                f_sync
 *fill*         0x0000000008002e7e        0x2 
 .text.f_close  0x0000000008002e80       0x54 ./Middlewares/Third_Party/FatFs/src/ff.o
                0x0000000008002e80                f_close
 .text.FATFS_LinkDriverEx
                0x0000000008002ed4       0x40 ./Middlewares/Third_Party/FatFs/src/ff_gen_drv.o
                0x0000000008002ed4                FATFS_LinkDriverEx
 .text.FATFS_LinkDriver
                0x0000000008002f14        0x6 ./Middlewares/Third_Party/FatFs/src/ff_gen_drv.o
                0x0000000008002f14                FATFS_LinkDriver
 *fill*         0x0000000008002f1a        0x2 
 .text.ff_convert
                0x0000000008002f1c       0x3c ./Middlewares/Third_Party/FatFs/src/option/ccsbcs.o
                0x0000000008002f1c                ff_convert
 .text.ff_wtoupper
                0x0000000008002f58       0x84 ./Middlewares/Third_Party/FatFs/src/option/ccsbcs.o
                0x0000000008002f58                ff_wtoupper
 .text.__libc_init_array
                0x0000000008002fdc       0x48 /opt/st/stm32cubeide_1.9.0/plugins/com.st.stm32cube.ide.mcu.externaltools.gnu-tools-for-stm32.10.3-2021.10.linux64_1.0.0.202111181127/tools/bin/../lib/gcc/arm-none-eabi/10.3.1/../../../../arm-none-eabi/lib/thumb/v7e-m+fp/hard/libc_nano.a(lib_a-init.o)
                0x0000000008002fdc                __libc_init_array
 .text.memset   0x0000000008003024       0x10 /opt/st/stm32cubeide_1.9.0/plugins/com.st.stm32cube.ide.mcu.externaltools.gnu-tools-for-stm32.10.3-2021.10.linux64_1.0.0.202111181127/tools/bin/../lib/gcc/arm-none-eabi/10.3.1/../../../../arm-none-eabi/lib/thumb/v7e-m+fp/hard/libc_nano.a(lib_a-memset.o)
                0x0000000008003024                memset
 *(.glue_7)
 .glue_7        0x0000000008003034        0x0 linker stubs
 *(.glue_7t)
 .glue_7t       0x0000000008003034        0x0 linker stubs
 *(.eh_frame)
 .eh_frame      0x0000000008003034        0x0 /opt/st/stm32cubeide_1.9.0/plugins/com.st.stm32cube.ide.mcu.externaltools.gnu-tools-for-stm32.10.3-2021.10.linux64_1.0.0.202111181127/tools/bin/../lib/gcc/arm-none-eabi/10.3.1/thumb/v7e-m+fp/hard/crtbegin.o
 *(.init)
 .init          0x0000000008003034        0x4 /opt/st/stm32cubeide_1.9.0/plugins/com.st.stm32cube.ide.mcu.externaltools.gnu-tools-for-stm32.10.3-2021.10.linux64_1.0.0.202111181127/tools/bin/../lib/gcc/arm-none-eabi/10.3.1/thumb/v7e-m+fp/hard/crti.o
                0x0000000008003034                _init
 .init          0x0000000008003038        0x8 /opt/st/stm32cubeide_1.9.0/plugins/com.st.stm32cube.ide.mcu.externaltools.gnu-tools-for-stm32.10.3-2021.10.linux64_1.0.0.202111181127/tools/bin/../lib/gcc/arm-none-eabi/10.3.1/thumb/v7e-m+fp/hard/crtn.o
 *(.fini)
 .fini          0x0000000008003040        0x4 /opt/st/stm32cubeide_1.9.0/plugins/com.st.stm32cube.ide.mcu.externaltools.gnu-tools-for-stm32.10.3-2021.10.linux64_1.0.0.202111181127/tools/bin/../lib/gcc/arm-none-eabi/10.3.1/thumb/v7e-m+fp/hard/crti.o
                0x0000000008003040                _fini
 .fini          0x0000000008003044        0x8 /opt/st/stm32cubeide_1.9.0/plugins/com.st.stm32cube.ide.mcu.externaltools.gnu-tools-for-stm32.10.3-2021.10.linux64_1.0.0.202111181127/tools/bin/../lib/gcc/arm-none-eabi/10.3.1/thumb/v7e-m+fp/hard/crtn.o
                0x000000000800304c                . = ALIGN (0x4)
                0x000000000800304c                _etext = .

.vfp11_veneer   0x000000000800304c        0x0
 .vfp11_veneer  0x000000000800304c        0x0 linker stubs

.v4_bx          0x000000000800304c        0x0
 .v4_bx         0x000000000800304c        0x0 linker stubs

.iplt           0x000000000800304c        0x0
 .iplt          0x000000000800304c        0x0 /opt/st/stm32cubeide_1.9.0/plugins/com.st.stm32cube.ide.mcu.externaltools.gnu-tools-for-stm32.10.3-2021.10.linux64_1.0.0.202111181127/tools/bin/../lib/gcc/arm-none-eabi/10.3.1/thumb/v7e-m+fp/hard/crtbegin.o

.rodata         0x000000000800304c      0x480
                0x000000000800304c                . = ALIGN (0x4)
 *(.rodata)
 *(.rodata*)
 .rodata.upload_sequence.str1.1
                0x000000000800304c       0x1c ./Core/Src/bootloader.o
                                         0x1d (size before relaxing)
 .rodata.AHBPrescTable
                0x0000000008003068       0x10 ./Core/Src/system_stm32f4xx.o
                0x0000000008003068                AHBPrescTable
 .rodata.APBPrescTable
                0x0000000008003078        0x8 ./Core/Src/system_stm32f4xx.o
                0x0000000008003078                APBPrescTable
 .rodata.f_open.str1.1
                0x0000000008003080       0x10 ./Middlewares/Third_Party/FatFs/src/ff.o
 .rodata.ExCvt  0x0000000008003090       0x80 ./Middlewares/Third_Party/FatFs/src/ff.o
 .rodata.LfnOfs
                0x0000000008003110        0xd ./Middlewares/Third_Party/FatFs/src/ff.o
 *fill*         0x000000000800311d        0x1 
 .rodata.Tbl    0x000000000800311e      0x100 ./Middlewares/Third_Party/FatFs/src/option/ccsbcs.o
 .rodata.cvt1.1
                0x000000000800321e      0x1f2 ./Middlewares/Third_Party/FatFs/src/option/ccsbcs.o
 .rodata.cvt2.0
                0x0000000008003410       0xbc ./Middlewares/Third_Party/FatFs/src/option/ccsbcs.o
                0x00000000080034cc                . = ALIGN (0x4)

.ARM.extab      0x00000000080034cc        0x0
                0x00000000080034cc                . = ALIGN (0x4)
 *(.ARM.extab* .gnu.linkonce.armextab.*)
                0x00000000080034cc                . = ALIGN (0x4)

.ARM            0x00000000080034cc        0x8
                0x00000000080034cc                . = ALIGN (0x4)
                0x00000000080034cc                __exidx_start = .
 *(.ARM.exidx*)
 .ARM.exidx     0x00000000080034cc        0x8 /opt/st/stm32cubeide_1.9.0/plugins/com.st.stm32cube.ide.mcu.externaltools.gnu-tools-for-stm32.10.3-2021.10.linux64_1.0.0.202111181127/tools/bin/../lib/gcc/arm-none-eabi/10.3.1/thumb/v7e-m+fp/hard/libgcc.a(_udivmoddi4.o)
                0x00000000080034d4                __exidx_end = .
                0x00000000080034d4                . = ALIGN (0x4)

.rel.dyn        0x00000000080034d4        0x0
 .rel.iplt      0x00000000080034d4        0x0 /opt/st/stm32cubeide_1.9.0/plugins/com.st.stm32cube.ide.mcu.externaltools.gnu-tools-for-stm32.10.3-2021.10.linux64_1.0.0.202111181127/tools/bin/../lib/gcc/arm-none-eabi/10.3.1/thumb/v7e-m+fp/hard/crtbegin.o

.preinit_array  0x00000000080034d4        0x0
                0x00000000080034d4                . = ALIGN (0x4)
                0x00000000080034d4                PROVIDE (__preinit_array_start = .)
 *(.preinit_array*)
                0x00000000080034d4                PROVIDE (__preinit_array_end = .)
                0x00000000080034d4                . = ALIGN (0x4)

.init_array     0x00000000080034d4        0x4
                0x00000000080034d4                . = ALIGN (0x4)
                0x00000000080034d4                PROVIDE (__init_array_start = .)
 *(SORT_BY_NAME(.init_array.*))
 *(.init_array*)
 .init_array    0x00000000080034d4        0x4 /opt/st/stm32cubeide_1.9.0/plugins/com.st.stm32cube.ide.mcu.externaltools.gnu-tools-for-stm32.10.3-2021.10.linux64_1.0.0.202111181127/tools/bin/../lib/gcc/arm-none-eabi/10.3.1/thumb/v7e-m+fp/hard/crtbegin.o
                0x00000000080034d8                PROVIDE (__init_array_end = .)
                0x00000000080034d8                . = ALIGN (0x4)

.fini_array     0x00000000080034d8        0x4
                0x00000000080034d8                . = ALIGN (0x4)
                [!provide]                        PROVIDE (__fini_array_start = .)
 *(SORT_BY_NAME(.fini_array.*))
 *(.fini_array*)
 .fini_array    0x00000000080034d8        0x4 /opt/st/stm32cubeide_1.9.0/plugins/com.st.stm32cube.ide.mcu.externaltools.gnu-tools-for-stm32.10.3-2021.10.linux64_1.0.0.202111181127/tools/bin/../lib/gcc/arm-none-eabi/10.3.1/thumb/v7e-m+fp/hard/crtbegin.o
                [!provide]                        PROVIDE (__fini_array_end = .)
                0x00000000080034dc                . = ALIGN (0x4)
                0x00000000080034dc                _sidata = LOADADDR (.data)

.data           0x0000000020000000       0x28 load address 0x00000000080034dc
                0x0000000020000000                . = ALIGN (0x4)
                0x0000000020000000                _sdata = .
 *(.data)
 *(.data*)
 .data.SystemCoreClock
                0x0000000020000000        0x4 ./Core/Src/system_stm32f4xx.o
                0x0000000020000000                SystemCoreClock
 .data.uwTickFreq
                0x0000000020000004        0x1 ./Drivers/STM32F4xx_HAL_Driver/Src/stm32f4xx_hal.o
                0x0000000020000004                uwTickFreq
 *fill*         0x0000000020000005        0x3 
 .data.uwTickPrio
                0x0000000020000008        0x4 ./Drivers/STM32F4xx_HAL_Driver/Src/stm32f4xx_hal.o
                0x0000000020000008                uwTickPrio
 .data.Stat     0x000000002000000c        0x1 ./FATFS/Target/user_diskio.o
 *fill*         0x000000002000000d        0x3 
 .data.USER_Driver
                0x0000000020000010       0x14 ./FATFS/Target/user_diskio.o
                0x0000000020000010                USER_Driver
 .data.Stat     0x0000000020000024        0x1 ./FATFS/Target/user_diskio_spi.o
 *(.RamFunc)
 *(.RamFunc*)
                0x0000000020000028                . = ALIGN (0x4)
 *fill*         0x0000000020000025        0x3 
                0x0000000020000028                _edata = .

.igot.plt       0x0000000020000028        0x0 load address 0x0000000008003504
 .igot.plt      0x0000000020000028        0x0 /opt/st/stm32cubeide_1.9.0/plugins/com.st.stm32cube.ide.mcu.externaltools.gnu-tools-for-stm32.10.3-2021.10.linux64_1.0.0.202111181127/tools/bin/../lib/gcc/arm-none-eabi/10.3.1/thumb/v7e-m+fp/hard/crtbegin.o
                0x0000000020000028                . = ALIGN (0x4)

.bss            0x0000000020000028      0x278 load address 0x0000000008003504
                0x0000000020000028                _sbss = .
                0x0000000020000028                __bss_start__ = _sbss
 *(.bss)
 .bss           0x0000000020000028       0x1c /opt/st/stm32cubeide_1.9.0/plugins/com.st.stm32cube.ide.mcu.externaltools.gnu-tools-for-stm32.10.3-2021.10.linux64_1.0.0.202111181127/tools/bin/../lib/gcc/arm-none-eabi/10.3.1/thumb/v7e-m+fp/hard/crtbegin.o
 *(.bss*)
 .bss.app       0x0000000020000044        0x1 ./Core/Src/bootloader.o
 *fill*         0x0000000020000045        0x1 
 .bss.btn_time  0x0000000020000046        0x2 ./Core/Src/bootloader.o
                0x0000000020000046                btn_time
 .bss.error     0x0000000020000048        0x1 ./Core/Src/bootloader.o
 *fill*         0x0000000020000049        0x3 
 .bss.led_ticks
                0x000000002000004c        0x4 ./Core/Src/bootloader.o
                0x000000002000004c                led_ticks
 .bss.state     0x0000000020000050        0x1 ./Core/Src/bootloader.o
 *fill*         0x0000000020000051        0x3 
 .bss.timeout_ticks
                0x0000000020000054        0x4 ./Core/Src/bootloader.o
                0x0000000020000054                timeout_ticks
 .bss.uwTick    0x0000000020000058        0x4 ./Drivers/STM32F4xx_HAL_Driver/Src/stm32f4xx_hal.o
                0x0000000020000058                uwTick
 .bss.USERPath  0x000000002000005c        0x4 ./FATFS/App/fatfs.o
                0x000000002000005c                USERPath
 .bss.retUSER   0x0000000020000060        0x1 ./FATFS/App/fatfs.o
                0x0000000020000060                retUSER
 .bss.CardType  0x0000000020000061        0x1 ./FATFS/Target/user_diskio_spi.o
 *fill*         0x0000000020000062        0x2 
 .bss.spiTimerTickDelay
                0x0000000020000064        0x4 ./FATFS/Target/user_diskio_spi.o
                0x0000000020000064                spiTimerTickDelay
 .bss.spiTimerTickStart
                0x0000000020000068        0x4 ./FATFS/Target/user_diskio_spi.o
                0x0000000020000068                spiTimerTickStart
 .bss.FatFs     0x000000002000006c        0x4 ./Middlewares/Third_Party/FatFs/src/ff.o
 .bss.Files     0x0000000020000070       0x20 ./Middlewares/Third_Party/FatFs/src/ff.o
 .bss.Fsid      0x0000000020000090        0x2 ./Middlewares/Third_Party/FatFs/src/ff.o
 .bss.LfnBuf    0x0000000020000092      0x200 ./Middlewares/Third_Party/FatFs/src/ff.o
 *fill*         0x0000000020000292        0x2 
 .bss.disk      0x0000000020000294        0xc ./Middlewares/Third_Party/FatFs/src/ff_gen_drv.o
                0x0000000020000294                disk
 *(COMMON)
                0x00000000200002a0                . = ALIGN (0x4)
                0x00000000200002a0                _ebss = .
                0x00000000200002a0                __bss_end__ = _ebss

._user_heap_stack
                0x00000000200002a0      0x600 load address 0x0000000008003504
                0x00000000200002a0                . = ALIGN (0x8)
                [!provide]                        PROVIDE (end = .)
                0x00000000200002a0                PROVIDE (_end = .)
                0x00000000200004a0                . = (. + _Min_Heap_Size)
 *fill*         0x00000000200002a0      0x200 
                0x00000000200008a0                . = (. + _Min_Stack_Size)
 *fill*         0x00000000200004a0      0x400 
                0x00000000200008a0                . = ALIGN (0x8)

/DISCARD/
 libc.a(*)
 libm.a(*)
 libgcc.a(*)

.ARM.attributes
                0x0000000000000000       0x30
 *(.ARM.attributes)
 .ARM.attributes
                0x0000000000000000       0x1e /opt/st/stm32cubeide_1.9.0/plugins/com.st.stm32cube.ide.mcu.externaltools.gnu-tools-for-stm32.10.3-2021.10.linux64_1.0.0.202111181127/tools/bin/../lib/gcc/arm-none-eabi/10.3.1/thumb/v7e-m+fp/hard/crti.o
 .ARM.attributes
                0x000000000000001e       0x34 /opt/st/stm32cubeide_1.9.0/plugins/com.st.stm32cube.ide.mcu.externaltools.gnu-tools-for-stm32.10.3-2021.10.linux64_1.0.0.202111181127/tools/bin/../lib/gcc/arm-none-eabi/10.3.1/thumb/v7e-m+fp/hard/crtbegin.o
 .ARM.attributes
                0x0000000000000052       0x34 ./Core/Src/bootloader.o
 .ARM.attributes
                0x0000000000000086       0x34 ./Core/Src/ll_flash.o
 .ARM.attributes
                0x00000000000000ba       0x34 ./Core/Src/ll_spi.o
 .ARM.attributes
                0x00000000000000ee       0x34 ./Core/Src/main.o
 .ARM.attributes
                0x0000000000000122       0x34 ./Core/Src/port.o
 .ARM.attributes
                0x0000000000000156       0x34 ./Core/Src/stm32f4xx_hal_msp.o
 .ARM.attributes
                0x000000000000018a       0x34 ./Core/Src/stm32f4xx_it.o
 .ARM.attributes
                0x00000000000001be       0x34 ./Core/Src/system_stm32f4xx.o
 .ARM.attributes
                0x00000000000001f2       0x21 ./Core/Startup/startup_stm32f411retx.o
 .ARM.attributes
                0x0000000000000213       0x34 ./Drivers/STM32F4xx_HAL_Driver/Src/stm32f4xx_hal.o
 .ARM.attributes
                0x0000000000000247       0x34 ./Drivers/STM32F4xx_HAL_Driver/Src/stm32f4xx_hal_cortex.o
 .ARM.attributes
                0x000000000000027b       0x34 ./Drivers/STM32F4xx_HAL_Driver/Src/stm32f4xx_ll_gpio.o
 .ARM.attributes
                0x00000000000002af       0x34 ./Drivers/STM32F4xx_HAL_Driver/Src/stm32f4xx_ll_rcc.o
 .ARM.attributes
                0x00000000000002e3       0x34 ./Drivers/STM32F4xx_HAL_Driver/Src/stm32f4xx_ll_spi.o
 .ARM.attributes
                0x0000000000000317       0x34 ./Drivers/STM32F4xx_HAL_Driver/Src/stm32f4xx_ll_usart.o
 .ARM.attributes
                0x000000000000034b       0x34 ./Drivers/STM32F4xx_HAL_Driver/Src/stm32f4xx_ll_utils.o
 .ARM.attributes
                0x000000000000037f       0x34 ./FATFS/App/fatfs.o
 .ARM.attributes
                0x00000000000003b3       0x34 ./FATFS/Target/user_diskio.o
 .ARM.attributes
                0x00000000000003e7       0x34 ./FATFS/Target/user_diskio_spi.o
 .ARM.attributes
                0x000000000000041b       0x34 ./Middlewares/Third_Party/FatFs/src/diskio.o
 .ARM.attributes
                0x000000000000044f       0x34 ./Middlewares/Third_Party/FatFs/src/ff.o
 .ARM.attributes
                0x0000000000000483       0x34 ./Middlewares/Third_Party/FatFs/src/ff_gen_drv.o
 .ARM.attributes
                0x00000000000004b7       0x34 ./Middlewares/Third_Party/FatFs/src/option/ccsbcs.o
 .ARM.attributes
                0x00000000000004eb       0x34 /opt/st/stm32cubeide_1.9.0/plugins/com.st.stm32cube.ide.mcu.externaltools.gnu-tools-for-stm32.10.3-2021.10.linux64_1.0.0.202111181127/tools/bin/../lib/gcc/arm-none-eabi/10.3.1/../../../../arm-none-eabi/lib/thumb/v7e-m+fp/hard/libc_nano.a(lib_a-init.o)
 .ARM.attributes
                0x000000000000051f       0x34 /opt/st/stm32cubeide_1.9.0/plugins/com.st.stm32cube.ide.mcu.externaltools.gnu-tools-for-stm32.10.3-2021.10.linux64_1.0.0.202111181127/tools/bin/../lib/gcc/arm-none-eabi/10.3.1/../../../../arm-none-eabi/lib/thumb/v7e-m+fp/hard/libc_nano.a(lib_a-memset.o)
 .ARM.attributes
                0x0000000000000553       0x1e /opt/st/stm32cubeide_1.9.0/plugins/com.st.stm32cube.ide.mcu.externaltools.gnu-tools-for-stm32.10.3-2021.10.linux64_1.0.0.202111181127/tools/bin/../lib/gcc/arm-none-eabi/10.3.1/thumb/v7e-m+fp/hard/libgcc.a(_aeabi_uldivmod.o)
 .ARM.attributes
                0x0000000000000571       0x34 /opt/st/stm32cubeide_1.9.0/plugins/com.st.stm32cube.ide.mcu.externaltools.gnu-tools-for-stm32.10.3-2021.10.linux64_1.0.0.202111181127/tools/bin/../lib/gcc/arm-none-eabi/10.3.1/thumb/v7e-m+fp/hard/libgcc.a(_udivmoddi4.o)
 .ARM.attributes
                0x00000000000005a5       0x1e /opt/st/stm32cubeide_1.9.0/plugins/com.st.stm32cube.ide.mcu.externaltools.gnu-tools-for-stm32.10.3-2021.10.linux64_1.0.0.202111181127/tools/bin/../lib/gcc/arm-none-eabi/10.3.1/thumb/v7e-m+fp/hard/libgcc.a(_dvmd_tls.o)
 .ARM.attributes
                0x00000000000005c3       0x1e /opt/st/stm32cubeide_1.9.0/plugins/com.st.stm32cube.ide.mcu.externaltools.gnu-tools-for-stm32.10.3-2021.10.linux64_1.0.0.202111181127/tools/bin/../lib/gcc/arm-none-eabi/10.3.1/thumb/v7e-m+fp/hard/crtn.o
OUTPUT(sdcard_bootloader.elf elf32-littlearm)
LOAD linker stubs
LOAD /opt/st/stm32cubeide_1.9.0/plugins/com.st.stm32cube.ide.mcu.externaltools.gnu-tools-for-stm32.10.3-2021.10.linux64_1.0.0.202111181127/tools/bin/../lib/gcc/arm-none-eabi/10.3.1/../../../../arm-none-eabi/lib/thumb/v7e-m+fp/hard/libc.a
LOAD /opt/st/stm32cubeide_1.9.0/plugins/com.st.stm32cube.ide.mcu.externaltools.gnu-tools-for-stm32.10.3-2021.10.linux64_1.0.0.202111181127/tools/bin/../lib/gcc/arm-none-eabi/10.3.1/../../../../arm-none-eabi/lib/thumb/v7e-m+fp/hard/libm.a
LOAD /opt/st/stm32cubeide_1.9.0/plugins/com.st.stm32cube.ide.mcu.externaltools.gnu-tools-for-stm32.10.3-2021.10.linux64_1.0.0.202111181127/tools/bin/../lib/gcc/arm-none-eabi/10.3.1/thumb/v7e-m+fp/hard/libgcc.a

.comment        0x0000000000000000       0x50
 .comment       0x0000000000000000       0x50 ./Core/Src/bootloader.o
                                         0x51 (size before relaxing)
 .comment       0x0000000000000050       0x51 ./Core/Src/ll_flash.o
 .comment       0x0000000000000050       0x51 ./Core/Src/ll_spi.o
 .comment       0x0000000000000050       0x51 ./Core/Src/main.o
 .comment       0x0000000000000050       0x51 ./Core/Src/port.o
 .comment       0x0000000000000050       0x51 ./Core/Src/stm32f4xx_hal_msp.o
 .comment       0x0000000000000050       0x51 ./Core/Src/stm32f4xx_it.o
 .comment       0x0000000000000050       0x51 ./Core/Src/system_stm32f4xx.o
 .comment       0x0000000000000050       0x51 ./Drivers/STM32F4xx_HAL_Driver/Src/stm32f4xx_hal.o
 .comment       0x0000000000000050       0x51 ./Drivers/STM32F4xx_HAL_Driver/Src/stm32f4xx_hal_cortex.o
 .comment       0x0000000000000050       0x51 ./Drivers/STM32F4xx_HAL_Driver/Src/stm32f4xx_ll_gpio.o
 .comment       0x0000000000000050       0x51 ./Drivers/STM32F4xx_HAL_Driver/Src/stm32f4xx_ll_rcc.o
 .comment       0x0000000000000050       0x51 ./Drivers/STM32F4xx_HAL_Driver/Src/stm32f4xx_ll_spi.o
 .comment       0x0000000000000050       0x51 ./Drivers/STM32F4xx_HAL_Driver/Src/stm32f4xx_ll_usart.o
 .comment       0x0000000000000050       0x51 ./Drivers/STM32F4xx_HAL_Driver/Src/stm32f4xx_ll_utils.o
 .comment       0x0000000000000050       0x51 ./FATFS/App/fatfs.o
 .comment       0x0000000000000050       0x51 ./FATFS/Target/user_diskio.o
 .comment       0x0000000000000050       0x51 ./FATFS/Target/user_diskio_spi.o
 .comment       0x0000000000000050       0x51 ./Middlewares/Third_Party/FatFs/src/diskio.o
 .comment       0x0000000000000050       0x51 ./Middlewares/Third_Party/FatFs/src/ff.o
 .comment       0x0000000000000050       0x51 ./Middlewares/Third_Party/FatFs/src/ff_gen_drv.o
 .comment       0x0000000000000050       0x51 ./Middlewares/Third_Party/FatFs/src/option/ccsbcs.o

.debug_line     0x0000000000000000       0x88
 .debug_line    0x0000000000000000       0x88 ./Core/Startup/startup_stm32f411retx.o

.debug_info     0x0000000000000000       0x22
 .debug_info    0x0000000000000000       0x22 ./Core/Startup/startup_stm32f411retx.o

.debug_abbrev   0x0000000000000000       0x12
 .debug_abbrev  0x0000000000000000       0x12 ./Core/Startup/startup_stm32f411retx.o

.debug_aranges  0x0000000000000000       0x28
 .debug_aranges
                0x0000000000000000       0x28 ./Core/Startup/startup_stm32f411retx.o

.debug_str      0x0000000000000000       0x73
 .debug_str     0x0000000000000000       0x73 ./Core/Startup/startup_stm32f411retx.o

.debug_ranges   0x0000000000000000       0x20
 .debug_ranges  0x0000000000000000       0x20 ./Core/Startup/startup_stm32f411retx.o

.debug_frame    0x0000000000000000       0xac
 .debug_frame   0x0000000000000000       0x2c /opt/st/stm32cubeide_1.9.0/plugins/com.st.stm32cube.ide.mcu.externaltools.gnu-tools-for-stm32.10.3-2021.10.linux64_1.0.0.202111181127/tools/bin/../lib/gcc/arm-none-eabi/10.3.1/../../../../arm-none-eabi/lib/thumb/v7e-m+fp/hard/libc_nano.a(lib_a-init.o)
 .debug_frame   0x000000000000002c       0x20 /opt/st/stm32cubeide_1.9.0/plugins/com.st.stm32cube.ide.mcu.externaltools.gnu-tools-for-stm32.10.3-2021.10.linux64_1.0.0.202111181127/tools/bin/../lib/gcc/arm-none-eabi/10.3.1/../../../../arm-none-eabi/lib/thumb/v7e-m+fp/hard/libc_nano.a(lib_a-memset.o)
 .debug_frame   0x000000000000004c       0x2c /opt/st/stm32cubeide_1.9.0/plugins/com.st.stm32cube.ide.mcu.externaltools.gnu-tools-for-stm32.10.3-2021.10.linux64_1.0.0.202111181127/tools/bin/../lib/gcc/arm-none-eabi/10.3.1/thumb/v7e-m+fp/hard/libgcc.a(_aeabi_uldivmod.o)
 .debug_frame   0x0000000000000078       0x34 /opt/st/stm32cubeide_1.9.0/plugins/com.st.stm32cube.ide.mcu.externaltools.gnu-tools-for-stm32.10.3-2021.10.linux64_1.0.0.202111181127/tools/bin/../lib/gcc/arm-none-eabi/10.3.1/thumb/v7e-m+fp/hard/libgcc.a(_udivmoddi4.o)
